# vsim -vopt work.fifo_top -voptargs="+acc=npr" "+UVM_TESTNAME=test0" "+UVM_VERBOSITY=UVM_NONE" -assertdebug -l src/simulation/log_file.log -coverage -c -do "coverage save -onexit -assert -directive -cvg -codeAll src/simulation/ucdb_file.ucdb; run -all; exit" 
# Start time: 10:47:37 on Aug 11,2026
# ** Note: (vsim-8009) Loading existing optimized design _opt
# //  Questa Sim
# //  Version 10.6c linux Jul 25 2017
# //
# //  Copyright 1991-2017 Mentor Graphics Corporation
# //  All Rights Reserved.
# //
# //  QuestaSim and its associated documentation contain trade
# //  secrets and commercial or financial information that are the property of
# //  Mentor Graphics Corporation and are privileged, confidential,
# //  and exempt from disclosure under the Freedom of Information Act,
# //  5 U.S.C. Section 552. Furthermore, this information
# //  is prohibited from disclosure under the Trade Secrets Act,
# //  18 U.S.C. Section 1905.
# //
# Loading sv_std.std
# Loading work.fifo_if(fast)
# Loading mtiUvm.uvm_pkg
# Loading work.fifo_pkg(fast)
# Loading work.fifo_top(fast)
# Loading work.fifo_if(fast)
# Loading work.fifo_design(fast)
# Loading work.ram_dp_ar_aw(fast)
# Loading mtiUvm.questa_uvm_pkg(fast)
# Loading /tools/mentor/questasim_10.6c/questasim/uvm-1.1d/linux/uvm_dpi.so
# coverage save -onexit -assert -directive -cvg -codeAll src/simulation/ucdb_file.ucdb
#  run -all
# ----------------------------------------------------------------
# UVM-1.1d
# (C) 2007-2013 Mentor Graphics Corporation
# (C) 2007-2013 Cadence Design Systems, Inc.
# (C) 2006-2013 Synopsys, Inc.
# (C) 2011-2013 Cypress Semiconductor Corp.
# ----------------------------------------------------------------
# 
#   ***********       IMPORTANT RELEASE NOTES         ************
# 
#   You are using a version of the UVM library that has been compiled
#   with `UVM_NO_DEPRECATED undefined.
#   See http://www.eda.org/svdb/view.php?id=3313 for more details.
# 
#   You are using a version of the UVM library that has been compiled
#   with `UVM_OBJECT_MUST_HAVE_CONSTRUCTOR undefined.
#   See http://www.eda.org/svdb/view.php?id=3770 for more details.
# 
#       (Specify +UVM_NO_RELNOTES to turn off this notice)
# 
# ------------------------------------------------------------------
# Name                       Type                        Size  Value
# ------------------------------------------------------------------
# uvm_test_top               test0                       -     @472 
#   env_h                    fifo_env                    -     @479 
#     inp_agt_h              fifo_input_agent            -     @493 
#       drv_h                fifo_driver                 -     @644 
#         rsp_port           uvm_analysis_port           -     @659 
#         seq_item_port      uvm_seq_item_pull_port      -     @651 
#       mon_h                fifo_input_monitor          -     @636 
#         inp_monitor_port   uvm_analysis_port           -     @778 
#       seqr_h               fifo_seqr                   -     @667 
#         rsp_export         uvm_analysis_export         -     @674 
#         seq_item_export    uvm_seq_item_pull_imp       -     @768 
#         arbitration_queue  array                       0     -    
#         lock_queue         array                       0     -    
#         num_last_reqs      integral                    32    'd1  
#         num_last_rsps      integral                    32    'd1  
#     out_agt_h              fifo_output_agent           -     @500 
#       mon_h                fifo_output_monitor         -     @793 
#         out_monitor_port   uvm_analysis_port           -     @801 
#     sb_h                   fifo_scoreboard             -     @507 
#       inp_fifo             uvm_tlm_analysis_fifo #(T)  -     @514 
#         analysis_export    uvm_analysis_imp            -     @553 
#         get_ap             uvm_analysis_port           -     @545 
#         get_peek_export    uvm_get_peek_imp            -     @529 
#         put_ap             uvm_analysis_port           -     @537 
#         put_export         uvm_put_imp                 -     @521 
#       out_fifo             uvm_tlm_analysis_fifo #(T)  -     @561 
#         analysis_export    uvm_analysis_imp            -     @600 
#         get_ap             uvm_analysis_port           -     @592 
#         get_peek_export    uvm_get_peek_imp            -     @576 
#         put_ap             uvm_analysis_port           -     @584 
#         put_export         uvm_put_imp                 -     @568 
#     sub_h                  fifo_subscriber             -     @620 
#       analysis_imp         uvm_analysis_imp            -     @627 
# ------------------------------------------------------------------
# 
#     rst=0  wr_cs=0  rd_cs=0  wr_en=0  rd_en=0  data_in=00(  0)  ||  data_out=00/00(  0/  0)  full=0/0  empty=1/0  	 empty   MISMATCH
#     rst=0  wr_cs=0  rd_cs=0  wr_en=0  rd_en=0  data_in=00(  0)  ||  data_out=00/00(  0/  0)  full=0/0  empty=1/1  		MATCH
#     rst=1  wr_cs=1  rd_cs=0  wr_en=0  rd_en=0  data_in=04(  4)  ||  data_out=00/00(  0/  0)  full=0/0  empty=1/1  		MATCH
#     rst=1  wr_cs=1  rd_cs=1  wr_en=0  rd_en=0  data_in=06(  6)  ||  data_out=00/00(  0/  0)  full=0/0  empty=1/1  		MATCH
#     rst=1  wr_cs=0  rd_cs=0  wr_en=0  rd_en=1  data_in=00(  0)  ||  data_out=00/00(  0/  0)  full=0/0  empty=1/1  		MATCH
#     rst=1  wr_cs=1  rd_cs=1  wr_en=0  rd_en=1  data_in=06(  6)  ||  data_out=00/00(  0/  0)  full=0/0  empty=1/1  		MATCH
# UVM_INFO src/verification/fifo_scoreboard.sv(65) @ 60: uvm_test_top.env_h.sb_h [SCB_SUMMARY] === FINAL SCOREBOARD REPORT === Passes: 5 | Failes: 1
# 
# --- UVM Report Summary ---
# 
# ** Report counts by severity
# UVM_INFO :    1
# UVM_WARNING :    0
# UVM_ERROR :    0
# UVM_FATAL :    0
# ** Report counts by id
# [SCB_SUMMARY]     1
# ** Note: $finish    : /tools/mentor/questasim_10.6c/questasim/linux/../verilog_src/uvm-1.1d/src/base/uvm_root.svh(430)
#    Time: 60 ns  Iteration: 54  Instance: /fifo_top
# Saving coverage database on exit...
# End time: 10:47:38 on Aug 11,2026, Elapsed time: 0:00:01
# Errors: 0, Warnings: 0
